// Jest Snapshot v1, https://goo.gl/fbAQLP

exports[`<RestorePassword /> matches snapshot 1`] = `
<styled.div
  data-test="restore-password"
>
  <FormHolder
    data-test="restore-password-form-holder"
    title="Restore password:"
    type="restore"
  >
    <withRouter(Connect(RestorePasswordForm))
      data-test="restore-password-form"
    />
  </FormHolder>
</styled.div>
`;
