// Jest Snapshot v1, https://goo.gl/fbAQLP

exports[`<ProfilePage /> matches snapshot 1`] = `
<styled.section
  data-test="password-restoration-page"
>
  <Switch>
    <Route
      data-test="password-restoration-page-forgot"
      exact={true}
      path="/"
      render={[Function]}
    />
    <Route
      data-test="password-restoration-page-restore"
      exact={true}
      path="//:id"
      render={[Function]}
    />
  </Switch>
</styled.section>
`;
