// Jest Snapshot v1, https://goo.gl/fbAQLP

exports[`<ProfileAboutForm /> matches snapshot 1`] = `
<Styled(ScrollAnimation)
  animateIn="bounceInLeft"
  animateOnce={true}
  data-test="profile-about-form"
>
  <styled.h3
    lang="eng"
  >
    Tell about yourself:
  </styled.h3>
  <styled.form
    autoComplete="off"
    data-test="profile-about-form-element"
    onSubmit={[Function]}
  >
    <TextInput
      label="About Me"
      max="700"
      name="aboutMe"
      onInputChange={[Function]}
      required={true}
      rows="6"
      value="I love Unicorns!"
    />
    <Button
      type="submit"
      value="Save Changes"
    />
  </styled.form>
</Styled(ScrollAnimation)>
`;
