// Jest Snapshot v1, https://goo.gl/fbAQLP

exports[`<ErrorBoundary /> matches snapshot 1`] = `
<styled.div
  data-test="error-boundary"
>
  <Styled(Component) />
  <styled.div
    data-test="error-boundary-text"
  >
    <styled.div>
      How unfortunate!
    </styled.div>
    <styled.div>
      ಥ_ಥ
    </styled.div>
  </styled.div>
</styled.div>
`;
