// Jest Snapshot v1, https://goo.gl/fbAQLP

exports[`<ForgotPassword /> matches snapshot 1`] = `
<styled.div
  data-test="forgot-password"
>
  <FormHolder
    data-test="forgot-password-holder"
    title="Forgot password? We'll get you back on track!"
    type="forgot"
  >
    <Connect(ForgotPasswordForm)
      data-test="forgot-password-form"
    />
  </FormHolder>
</styled.div>
`;
