// Jest Snapshot v1, https://goo.gl/fbAQLP

exports[`<ProfilePasswordForm /> matches snapshot 1`] = `
<Styled(ScrollAnimation)
  animateIn="bounceInLeft"
  animateOnce={true}
  data-test="profile-password-form"
>
  <styled.h3
    lang="eng"
  >
    Change Password:
  </styled.h3>
  <styled.form
    autoComplete="off"
    data-test="profile-password-form-element"
    onSubmit={[Function]}
  >
    <FormInput
      label="Current Password"
      name="currentPassword"
      onInputChange={[Function]}
      required={true}
      type="password"
      value=""
    />
    <FormInput
      label="New Password"
      name="newPassword"
      onInputChange={[Function]}
      required={true}
      type="password"
      value=""
    />
    <FormInput
      label="Confirm New Password"
      name="newPasswordConfirm"
      onInputChange={[Function]}
      required={true}
      type="password"
      value=""
    />
    <Button
      type="submit"
      value="Change Password"
    />
  </styled.form>
</Styled(ScrollAnimation)>
`;
